// Jest Snapshot v1, https://goo.gl/fbAQLP

exports[`About renders correctly 1`] = `
<section id="about" class="about-me">
  <div class="container">
    <div class="heading">
      <h2>About Me</h2>
    </div>
    <div class="row">
      <div class="col-xs-12 col-sm-12 col-md-7 col-lg-7 pb-5">
        <h3>Gustavo Cunha</h3>
        <h4 class="sub-heading">Some title at some company</h4>
        <div class="description">
          <p>Lorem ipsum nulus dolor.</p>
        </div> <a href="file.pdf" target="_blank" rel="noopener" class="btn-download">PDF Download</a>
      </div>
      <div class="col-xs-12 col-sm-12 col-md-5 col-lg-4 offset-lg-1">
        <div class="lazy topmar"></div>
      </div>
    </div>
  </div>
</section>
`;
