// Jest Snapshot v1, https://goo.gl/fbAQLP

exports[`Education renders correctly 1`] = `
<div class="row education-details">
  <div class="col-xs-12 col-sm-12 col-md-3 col-lg-2">
    <div class="year">Jan / 2016</div>
  </div>
  <div class="col-xs-12 col-sm-12 col-md-9 col-lg-10 right-area">
    <div class="arrowpart"></div>
    <div class="ex-con">
      <h4>Some awesome university</h4>
      <h5>Computer science</h5>
      <div class="description">
        <p>Lorem ipsum nulus dolor</p>
      </div>
    </div>
  </div>
</div>
`;
