// Jest Snapshot v1, https://goo.gl/fbAQLP

exports[`Experiences renders correctly 1`] = `
<section id="experience" class="experience">
  <div class="container">
    <div class="heading">
      <h2>Work Experience</h2>
      <p>Companies that I have worked for</p>
    </div>
    <div class="row work-details">
      <div class="col-xs-12 col-sm-12 col-md-3 col-lg-2">
        <div class="year">Jan / 2015<br>Jan / 2016</div>
      </div>
      <div class="col-xs-12 col-sm-12 col-md-9 col-lg-10 right-area">
        <div class="arrowpart"></div>
        <div class="ex-con">
          <h4><span>Amazing company</span> - <span><span>Great city</span> - <span>Some country</span></span></h4>
          <h5>Ninja developer</h5>
          <div class="description">
            <p>Lorem ipsum nulus dolor</p>
          </div>
        </div>
      </div>
    </div>
    <div class="row work-details">
      <div class="col-xs-12 col-sm-12 col-md-3 col-lg-2">
        <div class="year">Jan / 2015<br>Jan / 2016</div>
      </div>
      <div class="col-xs-12 col-sm-12 col-md-9 col-lg-10 right-area">
        <div class="arrowpart"></div>
        <div class="ex-con">
          <h4><span>Amazing company</span> - <span><span>Great city</span> - <span>Some country</span></span></h4>
          <h5>Ninja developer</h5>
          <div class="description">
            <p>Lorem ipsum nulus dolor</p>
          </div>
        </div>
      </div>
    </div>
  </div>
</section>
`;
