// Jest Snapshot v1, https://goo.gl/fbAQLP

exports[`Skill renders correctly 1`] = `
<div class="col-xs-12 col-sm-4 col-md-4 col-lg-4 skills-area">
  <div class="col-xs-12 col-sm-6 col-md-6 col-lg-6 skills"><span data-percent="100" class="chart skill-bg"><span class="percent">100</span>
    <div></div>
    </span>
    <h4>Skill Name</h4>
    <p>Skill hero</p>
  </div>
</div>
`;
